? Loaded 4 user accounts
? Secure Authentication Server started on port 8443
? SSL/TLS enabled with strong cipher suites
? REST API Server started on port 8080
? All servers ready!
? REST API: http://localhost:8080
? SSL Auth: https://localhost:8443
? Fetching stats for player: player-hhh-1762806991323
??  Player not found with exact ID: player-hhh-1762806991323
??  Returning default stats for playerId: player-hhh-1762806991323
? Stats retrieved - Score: 0, Challenges: 0, Rank: 1
? Fetching stats for player: player-hhh-1762806991323
??  Player not found with exact ID: player-hhh-1762806991323
??  Returning default stats for playerId: player-hhh-1762806991323
? Stats retrieved - Score: 0, Challenges: 0, Rank: 1
? Broadcasted server stats update
? Broadcasted game status: 0/5
? Registered player: bonk (ID: player-bonk-1762807969398)
? Broadcasted server stats update
? Broadcasted game status: 1/5
? Broadcasted player join: bonk
? Broadcasted server stats update
? Fetching stats for player: player-bonk-1762807969398
? Stats for bonk: Score=0, Solved=0, Rank=1
? Stats retrieved - Score: 0, Challenges: 0, Rank: 1
? Fetching stats for player: player-bonk-1762807969398
? Stats for bonk: Score=0, Solved=0, Rank=1
? Stats retrieved - Score: 0, Challenges: 0, Rank: 1
? Fetching stats for player: player-uuu-1762807025205
??  Player not found with exact ID: player-uuu-1762807025205
??  Returning default stats for playerId: player-uuu-1762807025205
? Stats retrieved - Score: 0, Challenges: 0, Rank: 2
? Fetching stats for player: player-uuu-1762807025205
??  Player not found with exact ID: player-uuu-1762807025205
??  Returning default stats for playerId: player-uuu-1762807025205
? Stats retrieved - Score: 0, Challenges: 0, Rank: 2
? Registered player: bnn (ID: player-bnn-1762808004174)
? Broadcasted player join: bnn
? Broadcasted server stats update
? Broadcasted server stats update
? Broadcasted game status: 2/5
? Fetching stats for player: player-bnn-1762808004174
? Stats for bnn: Score=0, Solved=0, Rank=1
? Stats retrieved - Score: 0, Challenges: 0, Rank: 1
? Fetching stats for player: player-bnn-1762808004174
? Stats for bnn: Score=0, Solved=0, Rank=1
? Stats retrieved - Score: 0, Challenges: 0, Rank: 1
? Fetching stats for player: player-bnn-1762808004174
? Stats for bnn: Score=0, Solved=0, Rank=1
? Stats retrieved - Score: 0, Challenges: 0, Rank: 1
? Fetching stats for player: player-bnn-1762808004174
? Stats for bnn: Score=0, Solved=0, Rank=1
? Stats retrieved - Score: 0, Challenges: 0, Rank: 1
? Broadcasted server stats update
? Broadcasted game status: 1/5
? Registered player: iuyiy (ID: player-iuyiy-1762808014048)
? Broadcasted game status: 2/5
? Broadcasted server stats update
? Broadcasted player join: iuyiy
? Broadcasted server stats update
? Fetching stats for player: player-iuyiy-1762808014048
? Stats for iuyiy: Score=0, Solved=0, Rank=1
? Stats retrieved - Score: 0, Challenges: 0, Rank: 1
? Fetching stats for player: player-iuyiy-1762808014048
? Stats for iuyiy: Score=0, Solved=0, Rank=1
? Stats retrieved - Score: 0, Challenges: 0, Rank: 1
? Fetching stats for player: player-iuyiy-1762808014048
? Stats for iuyiy: Score=0, Solved=0, Rank=1
? Stats retrieved - Score: 0, Challenges: 0, Rank: 1
? Fetching stats for player: player-iuyiy-1762808014048
? Stats for iuyiy: Score=0, Solved=0, Rank=1
? Stats retrieved - Score: 0, Challenges: 0, Rank: 1
