? UDP Event Server started
   Unicast port: 9000
   Multicast: 230.0.0.1:9001
? Multicast broadcast sent
? Heartbeat sent to 0 players
? Multicast broadcast sent
? Heartbeat sent to 0 players
? Multicast broadcast sent
? Heartbeat sent to 0 players
? Multicast broadcast sent
? Heartbeat sent to 0 players
? Multicast broadcast sent
? Heartbeat sent to 0 players
? Multicast broadcast sent
? Heartbeat sent to 0 players
? Multicast broadcast sent
? Heartbeat sent to 0 players
? Multicast broadcast sent
? Heartbeat sent to 0 players
? Multicast broadcast sent
? Heartbeat sent to 0 players
? Multicast broadcast sent
? Heartbeat sent to 0 players
? Multicast broadcast sent
? Heartbeat sent to 0 players
? Multicast broadcast sent
? Heartbeat sent to 0 players
? Multicast broadcast sent
? Heartbeat sent to 0 players
? Multicast broadcast sent
? Heartbeat sent to 0 players
? Multicast broadcast sent
? Heartbeat sent to 0 players
? Multicast broadcast sent
? Heartbeat sent to 0 players
? Multicast broadcast sent
? Heartbeat sent to 0 players
? Multicast broadcast sent
? Heartbeat sent to 0 players
? Multicast broadcast sent
? Heartbeat sent to 0 players
? Multicast broadcast sent
? Heartbeat sent to 0 players
? Multicast broadcast sent
? Heartbeat sent to 0 players
? Multicast broadcast sent
? Heartbeat sent to 0 players
? Multicast broadcast sent
? Heartbeat sent to 0 players
? Multicast broadcast sent
? Heartbeat sent to 0 players
? Multicast broadcast sent
? Heartbeat sent to 0 players
? Multicast broadcast sent
? Heartbeat sent to 0 players
? Multicast broadcast sent
? Heartbeat sent to 0 players
? Multicast broadcast sent
? Heartbeat sent to 0 players
? Multicast broadcast sent
? Heartbeat sent to 0 players
? Multicast broadcast sent
? Heartbeat sent to 0 players
? Multicast broadcast sent
? Heartbeat sent to 0 players
? Multicast broadcast sent
? Heartbeat sent to 0 players
? Multicast broadcast sent
? Heartbeat sent to 0 players
? Multicast broadcast sent
? Heartbeat sent to 0 players
? Multicast broadcast sent
? Heartbeat sent to 0 players
? Multicast broadcast sent
? Heartbeat sent to 0 players
? Multicast broadcast sent
? Heartbeat sent to 0 players
? Multicast broadcast sent
? Heartbeat sent to 0 players
? Multicast broadcast sent
? Heartbeat sent to 0 players
? Multicast broadcast sent
? Heartbeat sent to 0 players
? Multicast broadcast sent
? Heartbeat sent to 0 players
? Multicast broadcast sent
? Heartbeat sent to 0 players
? Multicast broadcast sent
? Heartbeat sent to 0 players
? Multicast broadcast sent
? Heartbeat sent to 0 players
? Multicast broadcast sent
? Heartbeat sent to 0 players
? Multicast broadcast sent
? Heartbeat sent to 0 players
? Multicast broadcast sent
? Heartbeat sent to 0 players
? Multicast broadcast sent
? Heartbeat sent to 0 players
^C